
> arzkaro@1.0.0 start /Users/RohitKumar/Desktop/arzkaro
> expo start

env: load .env
env: export EXPO_PUBLIC_SUPABASE_URL EXPO_PUBLIC_SUPABASE_ANON_KEY EXPO_PUBLIC_GOOGLE_IOS_CLIENT_ID EXPO_PUBLIC_GOOGLE_WEB_CLIENT_ID EXPO_PUBLIC_GOOGLE_ANDROID_CLIENT_ID EXPO_PUBLIC_RAZORPAY_KEY_ID RAZORPAY_KEY_SECRET
Starting project at /Users/RohitKumar/Desktop/arzkaro
[dotenv@17.2.3] injecting env (0) from .env -- tip: 🔐 encrypt with Dotenvx: https://dotenvx.com
[dotenv@17.2.3] injecting env (0) from .env -- tip: 🔄 add secrets lifecycle management: https://dotenvx.com/ops
[dotenv@17.2.3] injecting env (0) from .env -- tip: ⚙️  enable debug logging with { debug: true }
Starting Metro Bundler
[dotenv@17.2.3] injecting env (0) from .env -- tip: ✅ audit secrets and track compliance: https://dotenvx.com/ops
[dotenv@17.2.3] injecting env (0) from .env -- tip: 📡 add observability to secrets: https://dotenvx.com/ops
[dotenv@17.2.3] injecting env (0) from .env -- tip: 🗂️ backup and recover secrets: https://dotenvx.com/ops
[dotenv@17.2.3] injecting env (0) from .env -- tip: 🔐 prevent building .env in docker: https://dotenvx.com/prebuild
Waiting on http://localhost:8081
Logs for your project will appear below.
[dotenv@17.2.3] injecting env (0) from .env -- tip: ⚙️  override existing env vars with { override: true }
[dotenv@17.2.3] injecting env (0) from .env -- tip: 🛠️  run anywhere with `dotenvx run -- yourcommand`
iOS Bundled 3464ms node_modules/.pnpm/expo-router@6.0.15_@expo+metro-runtime@6.1.2_@types+react@19.1.17_expo-constants@18.0.1_e01a059f44e6a5cd367f10b0b15b159a/node_modules/expo-router/entry.js (1498 modules)
iOS node_modules/.pnpm/expo-router@6.0.15_@expo+metro-runtime@6.1.2_@types+react@19.1.17_expo-constants@18.0.1_e01a059f44e6a5cd367f10b0b15b159a/node_modules/expo-router/entry.js ▓▓▓▓▓▓▓▓▓▓▓▓▓▓▓░ 99.9% (1498/1498)
 WARN  [Layout children]: No route named "chats/dm/[id]" exists in nested children: ["edit-profile", "friends", "index", "profile", "settings", "(tabs)", "admin", "auth/callback", "dm/[id]", "events/[id]", "events/create", "events/[id]/book", "events/[id]/chat", "events/[id]/members", "host", "tickets/[id]"]
 LOG  🎭 [AUTH] Role state updated: {"isAdmin": false, "isHost": false, "profileRole": undefined, "role": "user", "userId": undefined}
 LOG  🔍 [AUTH] Fetching profile for user: 4925026b-f984-4a27-87c3-80a65b4c96fb (attempt 1/4)
 LOG  🔐 [AUTH] Auth state changed: INITIAL_SESSION
 LOG  ⏭️  [AUTH] Skipping INITIAL_SESSION event (already handled by initAuth)
 LOG  ✅ [AUTH] Session exists, proceeding with profile fetch
 LOG  🔑 [AUTH] Session details: {"accessToken": "eyJhbGciOiJIUzI1NiIs...", "expiresAt": 1766780089, "refreshToken": "present", "userId": "4925026b-f984-4a27-87c3-80a65b4c96fb"}
 LOG  🧪 [AUTH] Testing database connectivity with count query...
 LOG  🎭 [AUTH] Role state updated: {"isAdmin": false, "isHost": false, "profileRole": undefined, "role": "user", "userId": "4925026b-f984-4a27-87c3-80a65b4c96fb"}
 LOG  ✅ [AUTH] Connectivity test completed in 530ms, error: none
 LOG  🚀 [AUTH] Starting profile query for ID: 4925026b-f984-4a27-87c3-80a65b4c96fb
 LOG  ⏱️ [AUTH] Query completed in 270ms
 LOG  📥 [AUTH] Profile fetch response: {"data": {"avatar_url": null, "bio": null, "created_at": "2025-12-26T11:31:02.572109+00:00", "date_of_birth": null, "email": "roku6510@gmail.com", "full_name": "Arhan", "gender": null, "host_approved_at": null, "host_requested_at": null, "host_type": null, "id": "***", "instagram": null, "interests": null, "is_host_approved": false, "is_public": true, "linkedin": null, "location": null, "phone": null, "role": "admin", "twitter": null, "updated_at": "2025-12-26T11:38:26.443253+00:00", "username": null, "website": null, "youtube": null}, "error": null, "errorCode": undefined, "errorDetails": undefined, "errorHint": undefined}
 LOG  ✅ [AUTH] Profile fetched successfully. Role: admin
 LOG  🎭 [AUTH] Role state updated: {"isAdmin": true, "isHost": true, "profileRole": "admin", "role": "admin", "userId": "4925026b-f984-4a27-87c3-80a65b4c96fb"}
 LOG  🔄 [EVENTS] Fetching events...
 LOG  ✅ [EVENTS] Fetched 5 events
 LOG  [EXPLORE RENDER] activeView: events selectedTag: all Show experiences? false
 LOG  [EXPLORE RENDER] activeView: events selectedTag: all Show experiences? false
 LOG  🔄 [EVENTS] Fetching events...
 LOG  ✅ [EVENTS] Fetched 5 events
 LOG  [EXPLORE RENDER] activeView: events selectedTag: all Show experiences? false
 LOG  [CHATS TAB] Loading DM conversations
 LOG  [CHATS TAB] DM conversations loaded: 0
 LOG  [CHAT LIST] Realtime subscription status: SUBSCRIBED
 LOG  [CHAT LIST] Realtime subscription status: CLOSED
 LOG  [CHATS TAB] Loading DM conversations
 LOG  [CHAT LIST] Realtime subscription status: SUBSCRIBED
 LOG  [CHATS TAB] DM conversations loaded: 0
 LOG  [CHAT SCREEN] Loading group for event: 9ac11d5a-4fe6-4623-bd89-45e4675651e1
 LOG  [CHAT SERVICE] Fetching group for event: 9ac11d5a-4fe6-4623-bd89-45e4675651e1
 LOG  [CHAT HOOK] Skipping realtime setup: {"groupId": "null", "hasCredentials": true}
 LOG  [CHAT SERVICE] Group result: ff8eb218-d550-46d2-83c4-1eb46a16b214
 LOG  [CHAT SCREEN] Group found: ff8eb218-d550-46d2-83c4-1eb46a16b214
 LOG  [CHAT SCREEN] Checking membership for user: 4925026b-f984-4a27-87c3-80a65b4c96fb
 LOG  [CHAT HOOK] Setting up realtime for group: ff8eb218-d550-46d2-83c4-1eb46a16b214
 LOG  [CHAT HOOK] Fetching data for group: ff8eb218-d550-46d2-83c4-1eb46a16b214
 LOG  [CHAT HOOK] Data fetched successfully: {"group": "ff8eb218-d550-46d2-83c4-1eb46a16b214", "members": 2, "messages": 1}
 LOG  [CHAT SCREEN] Member status: true
 LOG  [CHAT] Channel status: SUBSCRIBED
 LOG  [CHAT] Presence sync: {}
 LOG  [CHAT] User joined: 4925026b-f984-4a27-87c3-80a65b4c96fb [{"online_at": "2025-12-26T19:59:32.531Z", "presence_ref": "GITcTAYWM13KeipB", "typing": false, "user_id": "4925026b-f984-4a27-87c3-80a65b4c96fb"}]
 LOG  [CHAT] Presence sync: {"4925026b-f984-4a27-87c3-80a65b4c96fb": [{"online_at": "2025-12-26T19:59:32.531Z", "presence_ref": "GITcTAYWM13KeipB", "typing": false, "user_id": "4925026b-f984-4a27-87c3-80a65b4c96fb"}]}
 LOG  [CHAT LIST] User read messages in group: ff8eb218-d550-46d2-83c4-1eb46a16b214
 LOG  [CHAT] Cleaning up realtime for group: ff8eb218-d550-46d2-83c4-1eb46a16b214
 LOG  [CHAT] Channel status: CLOSED
 LOG  [EXPLORE RENDER] activeView: events selectedTag: all Show experiences? false
 LOG  🔄 [EVENTS] Fetching events...
 LOG  ✅ [EVENTS] Fetched 5 events
 LOG  [EXPLORE RENDER] activeView: events selectedTag: all Show experiences? false
 LOG  [EXPLORE RENDER] activeView: events selectedTag: all Show experiences? false
 LOG  🔄 [EVENTS] Fetching events...
 LOG  ✅ [EVENTS] Fetched 5 events
 LOG  [EXPLORE RENDER] activeView: events selectedTag: all Show experiences? false
 LOG  [CHAT LIST] Realtime subscription status: CLOSED
 LOG  [CHATS TAB] Loading DM conversations
 LOG  [CHAT LIST] Realtime subscription status: SUBSCRIBED
 LOG  [CHATS TAB] DM conversations loaded: 0
 LOG  [CHAT LIST] Realtime subscription status: CLOSED
 LOG  [CHATS TAB] Loading DM conversations
 LOG  [CHAT LIST] Realtime subscription status: SUBSCRIBED
 LOG  [CHATS TAB] DM conversations loaded: 0
 LOG  [EXPLORE RENDER] activeView: events selectedTag: all Show experiences? false
 LOG  [EXPLORE RENDER] activeView: events selectedTag: all Show experiences? false
 LOG  [EXPLORE RENDER] activeView: events selectedTag: all Show experiences? false
 LOG  [EXPLORE RENDER] activeView: events selectedTag: all Show experiences? false
